Archive member included to satisfy reference by file (symbol)

c:/program files (x86)/atmel/studio/7.0/toolchain/avr8/avr8-gnu-toolchain/bin/../lib/gcc/avr/5.4.0/../../../../avr/lib/avr5\libm.a(floatsisf.o)
                              drivers/src/ultrasonic.o (__floatunsisf)
c:/program files (x86)/atmel/studio/7.0/toolchain/avr8/avr8-gnu-toolchain/bin/../lib/gcc/avr/5.4.0/../../../../avr/lib/avr5\libm.a(gesf2.o)
                              main.o (__gesf2)
c:/program files (x86)/atmel/studio/7.0/toolchain/avr8/avr8-gnu-toolchain/bin/../lib/gcc/avr/5.4.0/../../../../avr/lib/avr5\libm.a(mulsf3.o)
                              drivers/src/ultrasonic.o (__mulsf3)
c:/program files (x86)/atmel/studio/7.0/toolchain/avr8/avr8-gnu-toolchain/bin/../lib/gcc/avr/5.4.0/../../../../avr/lib/avr5\libm.a(mulsf3x.o)
                              c:/program files (x86)/atmel/studio/7.0/toolchain/avr8/avr8-gnu-toolchain/bin/../lib/gcc/avr/5.4.0/../../../../avr/lib/avr5\libm.a(mulsf3.o) (__mulsf3x)
c:/program files (x86)/atmel/studio/7.0/toolchain/avr8/avr8-gnu-toolchain/bin/../lib/gcc/avr/5.4.0/../../../../avr/lib/avr5\libm.a(fp_cmp.o)
                              c:/program files (x86)/atmel/studio/7.0/toolchain/avr8/avr8-gnu-toolchain/bin/../lib/gcc/avr/5.4.0/../../../../avr/lib/avr5\libm.a(gesf2.o) (__fp_cmp)
c:/program files (x86)/atmel/studio/7.0/toolchain/avr8/avr8-gnu-toolchain/bin/../lib/gcc/avr/5.4.0/../../../../avr/lib/avr5\libm.a(fp_inf.o)
                              c:/program files (x86)/atmel/studio/7.0/toolchain/avr8/avr8-gnu-toolchain/bin/../lib/gcc/avr/5.4.0/../../../../avr/lib/avr5\libm.a(mulsf3x.o) (__fp_inf)
c:/program files (x86)/atmel/studio/7.0/toolchain/avr8/avr8-gnu-toolchain/bin/../lib/gcc/avr/5.4.0/../../../../avr/lib/avr5\libm.a(fp_nan.o)
                              c:/program files (x86)/atmel/studio/7.0/toolchain/avr8/avr8-gnu-toolchain/bin/../lib/gcc/avr/5.4.0/../../../../avr/lib/avr5\libm.a(mulsf3x.o) (__fp_nan)
c:/program files (x86)/atmel/studio/7.0/toolchain/avr8/avr8-gnu-toolchain/bin/../lib/gcc/avr/5.4.0/../../../../avr/lib/avr5\libm.a(fp_pscA.o)
                              c:/program files (x86)/atmel/studio/7.0/toolchain/avr8/avr8-gnu-toolchain/bin/../lib/gcc/avr/5.4.0/../../../../avr/lib/avr5\libm.a(mulsf3x.o) (__fp_pscA)
c:/program files (x86)/atmel/studio/7.0/toolchain/avr8/avr8-gnu-toolchain/bin/../lib/gcc/avr/5.4.0/../../../../avr/lib/avr5\libm.a(fp_pscB.o)
                              c:/program files (x86)/atmel/studio/7.0/toolchain/avr8/avr8-gnu-toolchain/bin/../lib/gcc/avr/5.4.0/../../../../avr/lib/avr5\libm.a(mulsf3x.o) (__fp_pscB)
c:/program files (x86)/atmel/studio/7.0/toolchain/avr8/avr8-gnu-toolchain/bin/../lib/gcc/avr/5.4.0/../../../../avr/lib/avr5\libm.a(fp_round.o)
                              c:/program files (x86)/atmel/studio/7.0/toolchain/avr8/avr8-gnu-toolchain/bin/../lib/gcc/avr/5.4.0/../../../../avr/lib/avr5\libm.a(mulsf3.o) (__fp_round)
c:/program files (x86)/atmel/studio/7.0/toolchain/avr8/avr8-gnu-toolchain/bin/../lib/gcc/avr/5.4.0/../../../../avr/lib/avr5\libm.a(fp_split3.o)
                              c:/program files (x86)/atmel/studio/7.0/toolchain/avr8/avr8-gnu-toolchain/bin/../lib/gcc/avr/5.4.0/../../../../avr/lib/avr5\libm.a(mulsf3x.o) (__fp_split3)
c:/program files (x86)/atmel/studio/7.0/toolchain/avr8/avr8-gnu-toolchain/bin/../lib/gcc/avr/5.4.0/../../../../avr/lib/avr5\libm.a(fp_zero.o)
                              c:/program files (x86)/atmel/studio/7.0/toolchain/avr8/avr8-gnu-toolchain/bin/../lib/gcc/avr/5.4.0/../../../../avr/lib/avr5\libm.a(mulsf3x.o) (__fp_szero)
c:/program files (x86)/atmel/studio/7.0/toolchain/avr8/avr8-gnu-toolchain/bin/../lib/gcc/avr/5.4.0/avr5\libgcc.a(_udivmodhi4.o)
                              FreeRTOS_Kernel/portable/MemMang/heap_4.o (__udivmodhi4)
c:/program files (x86)/atmel/studio/7.0/toolchain/avr8/avr8-gnu-toolchain/bin/../lib/gcc/avr/5.4.0/avr5\libgcc.a(_exit.o)
                              C:/Program Files (x86)/Atmel/Studio/7.0/Packs/atmel/ATmega_DFP/1.7.374/gcc/dev/atmega328p/avr5/crtatmega328p.o (exit)
c:/program files (x86)/atmel/studio/7.0/toolchain/avr8/avr8-gnu-toolchain/bin/../lib/gcc/avr/5.4.0/avr5\libgcc.a(_copy_data.o)
                              FreeRTOS_Kernel/tasks.o (__do_copy_data)
c:/program files (x86)/atmel/studio/7.0/toolchain/avr8/avr8-gnu-toolchain/bin/../lib/gcc/avr/5.4.0/avr5\libgcc.a(_clear_bss.o)
                              drivers/src/alarm.o (__do_clear_bss)
c:/program files (x86)/atmel/studio/7.0/toolchain/avr8/avr8-gnu-toolchain/bin/../lib/gcc/avr/5.4.0/../../../../avr/lib/avr5\libc.a(memcpy.o)
                              FreeRTOS_Kernel/queue.o (memcpy)
c:/program files (x86)/atmel/studio/7.0/toolchain/avr8/avr8-gnu-toolchain/bin/../lib/gcc/avr/5.4.0/../../../../avr/lib/avr5\libc.a(memset.o)
                              FreeRTOS_Kernel/portable/MemMang/heap_4.o (memset)

Allocating common symbols
Common symbol       size              file

xLevelQueue         0x2               main.o

Discarded input sections

 .data          0x00000000        0x0 C:/Program Files (x86)/Atmel/Studio/7.0/Packs/atmel/ATmega_DFP/1.7.374/gcc/dev/atmega328p/avr5/crtatmega328p.o
 .bss           0x00000000        0x0 C:/Program Files (x86)/Atmel/Studio/7.0/Packs/atmel/ATmega_DFP/1.7.374/gcc/dev/atmega328p/avr5/crtatmega328p.o
 .text          0x00000000        0x0 drivers/src/alarm.o
 .data          0x00000000        0x0 drivers/src/alarm.o
 .bss           0x00000000        0x0 drivers/src/alarm.o
 .text          0x00000000        0x0 drivers/src/servo_pump.o
 .data          0x00000000        0x0 drivers/src/servo_pump.o
 .bss           0x00000000        0x0 drivers/src/servo_pump.o
 .text          0x00000000        0x0 drivers/src/ultrasonic.o
 .data          0x00000000        0x0 drivers/src/ultrasonic.o
 .bss           0x00000000        0x0 drivers/src/ultrasonic.o
 .text          0x00000000        0x0 FreeRTOS_Kernel/croutine.o
 .data          0x00000000        0x0 FreeRTOS_Kernel/croutine.o
 .bss           0x00000000        0x0 FreeRTOS_Kernel/croutine.o
 .debug_info    0x00000000       0x64 FreeRTOS_Kernel/croutine.o
 .debug_abbrev  0x00000000       0x26 FreeRTOS_Kernel/croutine.o
 .debug_aranges
                0x00000000       0x18 FreeRTOS_Kernel/croutine.o
 .debug_line    0x00000000       0x1a FreeRTOS_Kernel/croutine.o
 .debug_str     0x00000000      0x1d0 FreeRTOS_Kernel/croutine.o
 .comment       0x00000000       0x31 FreeRTOS_Kernel/croutine.o
 .text          0x00000000        0x0 FreeRTOS_Kernel/event_groups.o
 .data          0x00000000        0x0 FreeRTOS_Kernel/event_groups.o
 .bss           0x00000000        0x0 FreeRTOS_Kernel/event_groups.o
 .text.prvTestWaitCondition
                0x00000000       0x26 FreeRTOS_Kernel/event_groups.o
 .text.xEventGroupCreate
                0x00000000       0x26 FreeRTOS_Kernel/event_groups.o
 .text.xEventGroupWaitBits
                0x00000000       0xe4 FreeRTOS_Kernel/event_groups.o
 .text.xEventGroupClearBits
                0x00000000       0x1e FreeRTOS_Kernel/event_groups.o
 .text.xEventGroupGetBitsFromISR
                0x00000000        0x8 FreeRTOS_Kernel/event_groups.o
 .text.xEventGroupSetBits
                0x00000000       0xc8 FreeRTOS_Kernel/event_groups.o
 .text.xEventGroupSync
                0x00000000       0xd6 FreeRTOS_Kernel/event_groups.o
 .text.vEventGroupDelete
                0x00000000       0x2e FreeRTOS_Kernel/event_groups.o
 .text.vEventGroupSetBitsCallback
                0x00000000        0x8 FreeRTOS_Kernel/event_groups.o
 .text.vEventGroupClearBitsCallback
                0x00000000        0x8 FreeRTOS_Kernel/event_groups.o
 .debug_info    0x00000000      0x8d1 FreeRTOS_Kernel/event_groups.o
 .debug_abbrev  0x00000000      0x1d5 FreeRTOS_Kernel/event_groups.o
 .debug_loc     0x00000000      0xb41 FreeRTOS_Kernel/event_groups.o
 .debug_aranges
                0x00000000       0x68 FreeRTOS_Kernel/event_groups.o
 .debug_ranges  0x00000000       0x70 FreeRTOS_Kernel/event_groups.o
 .debug_line    0x00000000      0x44f FreeRTOS_Kernel/event_groups.o
 .debug_str     0x00000000      0x5e4 FreeRTOS_Kernel/event_groups.o
 .comment       0x00000000       0x31 FreeRTOS_Kernel/event_groups.o
 .debug_frame   0x00000000      0x15c FreeRTOS_Kernel/event_groups.o
 .text          0x00000000        0x0 FreeRTOS_Kernel/list.o
 .data          0x00000000        0x0 FreeRTOS_Kernel/list.o
 .bss           0x00000000        0x0 FreeRTOS_Kernel/list.o
 .text.vListInsertEnd
                0x00000000       0x42 FreeRTOS_Kernel/list.o
 .text          0x00000000        0x0 FreeRTOS_Kernel/portable/GCC/ATMega323/port.o
 .data          0x00000000        0x0 FreeRTOS_Kernel/portable/GCC/ATMega323/port.o
 .bss           0x00000000        0x0 FreeRTOS_Kernel/portable/GCC/ATMega323/port.o
 .text.vPortEndScheduler
                0x00000000        0x2 FreeRTOS_Kernel/portable/GCC/ATMega323/port.o
 .text          0x00000000        0x0 FreeRTOS_Kernel/portable/MemMang/heap_4.o
 .data          0x00000000        0x0 FreeRTOS_Kernel/portable/MemMang/heap_4.o
 .bss           0x00000000        0x0 FreeRTOS_Kernel/portable/MemMang/heap_4.o
 .text.xPortGetFreeHeapSize
                0x00000000        0xa FreeRTOS_Kernel/portable/MemMang/heap_4.o
 .text.xPortGetMinimumEverFreeHeapSize
                0x00000000        0xa FreeRTOS_Kernel/portable/MemMang/heap_4.o
 .text.vPortInitialiseBlocks
                0x00000000        0x2 FreeRTOS_Kernel/portable/MemMang/heap_4.o
 .text.pvPortCalloc
                0x00000000       0x6a FreeRTOS_Kernel/portable/MemMang/heap_4.o
 .text.vPortGetHeapStats
                0x00000000       0xc6 FreeRTOS_Kernel/portable/MemMang/heap_4.o
 .text.vPortHeapResetState
                0x00000000       0x2a FreeRTOS_Kernel/portable/MemMang/heap_4.o
 .text          0x00000000        0x0 FreeRTOS_Kernel/queue.o
 .data          0x00000000        0x0 FreeRTOS_Kernel/queue.o
 .bss           0x00000000        0x0 FreeRTOS_Kernel/queue.o
 .text.xQueueGenericSendFromISR
                0x00000000       0x84 FreeRTOS_Kernel/queue.o
 .text.xQueueGiveFromISR
                0x00000000       0x70 FreeRTOS_Kernel/queue.o
 .text.xQueueSemaphoreTake
                0x00000000      0x106 FreeRTOS_Kernel/queue.o
 .text.xQueuePeek
                0x00000000      0x122 FreeRTOS_Kernel/queue.o
 .text.xQueueReceiveFromISR
                0x00000000       0x7a FreeRTOS_Kernel/queue.o
 .text.xQueuePeekFromISR
                0x00000000       0x2e FreeRTOS_Kernel/queue.o
 .text.uxQueueMessagesWaiting
                0x00000000       0x10 FreeRTOS_Kernel/queue.o
 .text.uxQueueSpacesAvailable
                0x00000000       0x16 FreeRTOS_Kernel/queue.o
 .text.uxQueueMessagesWaitingFromISR
                0x00000000        0x6 FreeRTOS_Kernel/queue.o
 .text.vQueueDelete
                0x00000000        0x6 FreeRTOS_Kernel/queue.o
 .text.uxQueueGetQueueItemSize
                0x00000000        0x6 FreeRTOS_Kernel/queue.o
 .text.uxQueueGetQueueLength
                0x00000000        0x6 FreeRTOS_Kernel/queue.o
 .text.xQueueIsQueueEmptyFromISR
                0x00000000       0x10 FreeRTOS_Kernel/queue.o
 .text.xQueueIsQueueFullFromISR
                0x00000000       0x12 FreeRTOS_Kernel/queue.o
 .text          0x00000000        0x0 FreeRTOS_Kernel/stream_buffer.o
 .data          0x00000000        0x0 FreeRTOS_Kernel/stream_buffer.o
 .bss           0x00000000        0x0 FreeRTOS_Kernel/stream_buffer.o
 .text.prvBytesInBuffer
                0x00000000       0x26 FreeRTOS_Kernel/stream_buffer.o
 .text.prvInitialiseNewStreamBuffer
                0x00000000       0x22 FreeRTOS_Kernel/stream_buffer.o
 .text.prvWriteBytesToBuffer
                0x00000000       0x88 FreeRTOS_Kernel/stream_buffer.o
 .text.prvWriteMessageToBuffer
                0x00000000       0x8e FreeRTOS_Kernel/stream_buffer.o
 .text.prvReadBytesFromBuffer
                0x00000000       0x88 FreeRTOS_Kernel/stream_buffer.o
 .text.prvReadMessageFromBuffer
                0x00000000       0x90 FreeRTOS_Kernel/stream_buffer.o
 .text.xStreamBufferGenericCreate
                0x00000000       0x88 FreeRTOS_Kernel/stream_buffer.o
 .text.vStreamBufferDelete
                0x00000000       0x1a FreeRTOS_Kernel/stream_buffer.o
 .text.xStreamBufferReset
                0x00000000       0x56 FreeRTOS_Kernel/stream_buffer.o
 .text.xStreamBufferResetFromISR
                0x00000000       0x4c FreeRTOS_Kernel/stream_buffer.o
 .text.xStreamBufferSetTriggerLevel
                0x00000000       0x22 FreeRTOS_Kernel/stream_buffer.o
 .text.xStreamBufferSpacesAvailable
                0x00000000       0x34 FreeRTOS_Kernel/stream_buffer.o
 .text.xStreamBufferBytesAvailable
                0x00000000        0x6 FreeRTOS_Kernel/stream_buffer.o
 .text.xStreamBufferSend
                0x00000000      0x178 FreeRTOS_Kernel/stream_buffer.o
 .text.xStreamBufferSendFromISR
                0x00000000       0x8e FreeRTOS_Kernel/stream_buffer.o
 .text.xStreamBufferReceive
                0x00000000      0x10c FreeRTOS_Kernel/stream_buffer.o
 .text.xStreamBufferNextMessageLengthBytes
                0x00000000       0x54 FreeRTOS_Kernel/stream_buffer.o
 .text.xStreamBufferReceiveFromISR
                0x00000000       0x8a FreeRTOS_Kernel/stream_buffer.o
 .text.xStreamBufferIsEmpty
                0x00000000       0x18 FreeRTOS_Kernel/stream_buffer.o
 .text.xStreamBufferIsFull
                0x00000000       0x2c FreeRTOS_Kernel/stream_buffer.o
 .text.xStreamBufferSendCompletedFromISR
                0x00000000       0x4c FreeRTOS_Kernel/stream_buffer.o
 .text.xStreamBufferReceiveCompletedFromISR
                0x00000000       0x4c FreeRTOS_Kernel/stream_buffer.o
 .text.uxStreamBufferGetStreamBufferNotificationIndex
                0x00000000        0x6 FreeRTOS_Kernel/stream_buffer.o
 .text.vStreamBufferSetStreamBufferNotificationIndex
                0x00000000        0x6 FreeRTOS_Kernel/stream_buffer.o
 .debug_info    0x00000000     0x1485 FreeRTOS_Kernel/stream_buffer.o
 .debug_abbrev  0x00000000      0x200 FreeRTOS_Kernel/stream_buffer.o
 .debug_loc     0x00000000     0x1e3a FreeRTOS_Kernel/stream_buffer.o
 .debug_aranges
                0x00000000       0xd8 FreeRTOS_Kernel/stream_buffer.o
 .debug_ranges  0x00000000       0xc8 FreeRTOS_Kernel/stream_buffer.o
 .debug_line    0x00000000      0x84f FreeRTOS_Kernel/stream_buffer.o
 .debug_str     0x00000000      0x912 FreeRTOS_Kernel/stream_buffer.o
 .comment       0x00000000       0x31 FreeRTOS_Kernel/stream_buffer.o
 .debug_frame   0x00000000      0x468 FreeRTOS_Kernel/stream_buffer.o
 .text          0x00000000        0x0 FreeRTOS_Kernel/tasks.o
 .data          0x00000000        0x0 FreeRTOS_Kernel/tasks.o
 .bss           0x00000000        0x0 FreeRTOS_Kernel/tasks.o
 .text.vTaskEndScheduler
                0x00000000        0xc FreeRTOS_Kernel/tasks.o
 .text.xTaskGetTickCountFromISR
                0x00000000        0xa FreeRTOS_Kernel/tasks.o
 .text.uxTaskGetNumberOfTasks
                0x00000000        0x6 FreeRTOS_Kernel/tasks.o
 .text.pcTaskGetName
                0x00000000       0x10 FreeRTOS_Kernel/tasks.o
 .text.xTaskCatchUpTicks
                0x00000000       0x32 FreeRTOS_Kernel/tasks.o
 .text.vTaskPlaceOnUnorderedEventList
                0x00000000       0x8c FreeRTOS_Kernel/tasks.o
 .text.vTaskRemoveFromUnorderedEventList
                0x00000000      0x14c FreeRTOS_Kernel/tasks.o
 .text.vTaskSetTimeOutState
                0x00000000       0x20 FreeRTOS_Kernel/tasks.o
 .text.xTaskGetCurrentTaskHandle
                0x00000000        0xa FreeRTOS_Kernel/tasks.o
 .text.xTaskGetCurrentTaskHandleForCore
                0x00000000       0x14 FreeRTOS_Kernel/tasks.o
 .text.uxTaskResetEventItemValue
                0x00000000       0x2e FreeRTOS_Kernel/tasks.o
 .text.ulTaskGenericNotifyTake
                0x00000000      0x120 FreeRTOS_Kernel/tasks.o
 .text.xTaskGenericNotifyWait
                0x00000000      0x174 FreeRTOS_Kernel/tasks.o
 .text.xTaskGenericNotify
                0x00000000      0x20a FreeRTOS_Kernel/tasks.o
 .text.xTaskGenericNotifyFromISR
                0x00000000      0x260 FreeRTOS_Kernel/tasks.o
 .text.vTaskGenericNotifyGiveFromISR
                0x00000000      0x194 FreeRTOS_Kernel/tasks.o
 .text.xTaskGenericNotifyStateClear
                0x00000000       0x34 FreeRTOS_Kernel/tasks.o
 .text.ulTaskGenericNotifyValueClear
                0x00000000       0x6c FreeRTOS_Kernel/tasks.o
 .text.vTaskResetState
                0x00000000       0x52 FreeRTOS_Kernel/tasks.o
 .text          0x00000000        0x0 FreeRTOS_Kernel/timers.o
 .data          0x00000000        0x0 FreeRTOS_Kernel/timers.o
 .bss           0x00000000        0x0 FreeRTOS_Kernel/timers.o
 .debug_info    0x00000000       0x64 FreeRTOS_Kernel/timers.o
 .debug_abbrev  0x00000000       0x26 FreeRTOS_Kernel/timers.o
 .debug_aranges
                0x00000000       0x18 FreeRTOS_Kernel/timers.o
 .debug_line    0x00000000       0x1a FreeRTOS_Kernel/timers.o
 .debug_str     0x00000000      0x1ce FreeRTOS_Kernel/timers.o
 .comment       0x00000000       0x31 FreeRTOS_Kernel/timers.o
 .text          0x00000000        0x0 main.o
 .data          0x00000000        0x0 main.o
 .bss           0x00000000        0x0 main.o
 .text          0x00000000        0x0 c:/program files (x86)/atmel/studio/7.0/toolchain/avr8/avr8-gnu-toolchain/bin/../lib/gcc/avr/5.4.0/../../../../avr/lib/avr5\libm.a(floatsisf.o)
 .data          0x00000000        0x0 c:/program files (x86)/atmel/studio/7.0/toolchain/avr8/avr8-gnu-toolchain/bin/../lib/gcc/avr/5.4.0/../../../../avr/lib/avr5\libm.a(floatsisf.o)
 .bss           0x00000000        0x0 c:/program files (x86)/atmel/studio/7.0/toolchain/avr8/avr8-gnu-toolchain/bin/../lib/gcc/avr/5.4.0/../../../../avr/lib/avr5\libm.a(floatsisf.o)
 .text          0x00000000        0x0 c:/program files (x86)/atmel/studio/7.0/toolchain/avr8/avr8-gnu-toolchain/bin/../lib/gcc/avr/5.4.0/../../../../avr/lib/avr5\libm.a(gesf2.o)
 .data          0x00000000        0x0 c:/program files (x86)/atmel/studio/7.0/toolchain/avr8/avr8-gnu-toolchain/bin/../lib/gcc/avr/5.4.0/../../../../avr/lib/avr5\libm.a(gesf2.o)
 .bss           0x00000000        0x0 c:/program files (x86)/atmel/studio/7.0/toolchain/avr8/avr8-gnu-toolchain/bin/../lib/gcc/avr/5.4.0/../../../../avr/lib/avr5\libm.a(gesf2.o)
 .text          0x00000000        0x0 c:/program files (x86)/atmel/studio/7.0/toolchain/avr8/avr8-gnu-toolchain/bin/../lib/gcc/avr/5.4.0/../../../../avr/lib/avr5\libm.a(mulsf3.o)
 .data          0x00000000        0x0 c:/program files (x86)/atmel/studio/7.0/toolchain/avr8/avr8-gnu-toolchain/bin/../lib/gcc/avr/5.4.0/../../../../avr/lib/avr5\libm.a(mulsf3.o)
 .bss           0x00000000        0x0 c:/program files (x86)/atmel/studio/7.0/toolchain/avr8/avr8-gnu-toolchain/bin/../lib/gcc/avr/5.4.0/../../../../avr/lib/avr5\libm.a(mulsf3.o)
 .text          0x00000000        0x0 c:/program files (x86)/atmel/studio/7.0/toolchain/avr8/avr8-gnu-toolchain/bin/../lib/gcc/avr/5.4.0/../../../../avr/lib/avr5\libm.a(mulsf3x.o)
 .data          0x00000000        0x0 c:/program files (x86)/atmel/studio/7.0/toolchain/avr8/avr8-gnu-toolchain/bin/../lib/gcc/avr/5.4.0/../../../../avr/lib/avr5\libm.a(mulsf3x.o)
 .bss           0x00000000        0x0 c:/program files (x86)/atmel/studio/7.0/toolchain/avr8/avr8-gnu-toolchain/bin/../lib/gcc/avr/5.4.0/../../../../avr/lib/avr5\libm.a(mulsf3x.o)
 .text          0x00000000        0x0 c:/program files (x86)/atmel/studio/7.0/toolchain/avr8/avr8-gnu-toolchain/bin/../lib/gcc/avr/5.4.0/../../../../avr/lib/avr5\libm.a(fp_cmp.o)
 .data          0x00000000        0x0 c:/program files (x86)/atmel/studio/7.0/toolchain/avr8/avr8-gnu-toolchain/bin/../lib/gcc/avr/5.4.0/../../../../avr/lib/avr5\libm.a(fp_cmp.o)
 .bss           0x00000000        0x0 c:/program files (x86)/atmel/studio/7.0/toolchain/avr8/avr8-gnu-toolchain/bin/../lib/gcc/avr/5.4.0/../../../../avr/lib/avr5\libm.a(fp_cmp.o)
 .text          0x00000000        0x0 c:/program files (x86)/atmel/studio/7.0/toolchain/avr8/avr8-gnu-toolchain/bin/../lib/gcc/avr/5.4.0/../../../../avr/lib/avr5\libm.a(fp_inf.o)
 .data          0x00000000        0x0 c:/program files (x86)/atmel/studio/7.0/toolchain/avr8/avr8-gnu-toolchain/bin/../lib/gcc/avr/5.4.0/../../../../avr/lib/avr5\libm.a(fp_inf.o)
 .bss           0x00000000        0x0 c:/program files (x86)/atmel/studio/7.0/toolchain/avr8/avr8-gnu-toolchain/bin/../lib/gcc/avr/5.4.0/../../../../avr/lib/avr5\libm.a(fp_inf.o)
 .text          0x00000000        0x0 c:/program files (x86)/atmel/studio/7.0/toolchain/avr8/avr8-gnu-toolchain/bin/../lib/gcc/avr/5.4.0/../../../../avr/lib/avr5\libm.a(fp_nan.o)
 .data          0x00000000        0x0 c:/program files (x86)/atmel/studio/7.0/toolchain/avr8/avr8-gnu-toolchain/bin/../lib/gcc/avr/5.4.0/../../../../avr/lib/avr5\libm.a(fp_nan.o)
 .bss           0x00000000        0x0 c:/program files (x86)/atmel/studio/7.0/toolchain/avr8/avr8-gnu-toolchain/bin/../lib/gcc/avr/5.4.0/../../../../avr/lib/avr5\libm.a(fp_nan.o)
 .text          0x00000000        0x0 c:/program files (x86)/atmel/studio/7.0/toolchain/avr8/avr8-gnu-toolchain/bin/../lib/gcc/avr/5.4.0/../../../../avr/lib/avr5\libm.a(fp_pscA.o)
 .data          0x00000000        0x0 c:/program files (x86)/atmel/studio/7.0/toolchain/avr8/avr8-gnu-toolchain/bin/../lib/gcc/avr/5.4.0/../../../../avr/lib/avr5\libm.a(fp_pscA.o)
 .bss           0x00000000        0x0 c:/program files (x86)/atmel/studio/7.0/toolchain/avr8/avr8-gnu-toolchain/bin/../lib/gcc/avr/5.4.0/../../../../avr/lib/avr5\libm.a(fp_pscA.o)
 .text          0x00000000        0x0 c:/program files (x86)/atmel/studio/7.0/toolchain/avr8/avr8-gnu-toolchain/bin/../lib/gcc/avr/5.4.0/../../../../avr/lib/avr5\libm.a(fp_pscB.o)
 .data          0x00000000        0x0 c:/program files (x86)/atmel/studio/7.0/toolchain/avr8/avr8-gnu-toolchain/bin/../lib/gcc/avr/5.4.0/../../../../avr/lib/avr5\libm.a(fp_pscB.o)
 .bss           0x00000000        0x0 c:/program files (x86)/atmel/studio/7.0/toolchain/avr8/avr8-gnu-toolchain/bin/../lib/gcc/avr/5.4.0/../../../../avr/lib/avr5\libm.a(fp_pscB.o)
 .text          0x00000000        0x0 c:/program files (x86)/atmel/studio/7.0/toolchain/avr8/avr8-gnu-toolchain/bin/../lib/gcc/avr/5.4.0/../../../../avr/lib/avr5\libm.a(fp_round.o)
 .data          0x00000000        0x0 c:/program files (x86)/atmel/studio/7.0/toolchain/avr8/avr8-gnu-toolchain/bin/../lib/gcc/avr/5.4.0/../../../../avr/lib/avr5\libm.a(fp_round.o)
 .bss           0x00000000        0x0 c:/program files (x86)/atmel/studio/7.0/toolchain/avr8/avr8-gnu-toolchain/bin/../lib/gcc/avr/5.4.0/../../../../avr/lib/avr5\libm.a(fp_round.o)
 .text          0x00000000        0x0 c:/program files (x86)/atmel/studio/7.0/toolchain/avr8/avr8-gnu-toolchain/bin/../lib/gcc/avr/5.4.0/../../../../avr/lib/avr5\libm.a(fp_split3.o)
 .data          0x00000000        0x0 c:/program files (x86)/atmel/studio/7.0/toolchain/avr8/avr8-gnu-toolchain/bin/../lib/gcc/avr/5.4.0/../../../../avr/lib/avr5\libm.a(fp_split3.o)
 .bss           0x00000000        0x0 c:/program files (x86)/atmel/studio/7.0/toolchain/avr8/avr8-gnu-toolchain/bin/../lib/gcc/avr/5.4.0/../../../../avr/lib/avr5\libm.a(fp_split3.o)
 .text          0x00000000        0x0 c:/program files (x86)/atmel/studio/7.0/toolchain/avr8/avr8-gnu-toolchain/bin/../lib/gcc/avr/5.4.0/../../../../avr/lib/avr5\libm.a(fp_zero.o)
 .data          0x00000000        0x0 c:/program files (x86)/atmel/studio/7.0/toolchain/avr8/avr8-gnu-toolchain/bin/../lib/gcc/avr/5.4.0/../../../../avr/lib/avr5\libm.a(fp_zero.o)
 .bss           0x00000000        0x0 c:/program files (x86)/atmel/studio/7.0/toolchain/avr8/avr8-gnu-toolchain/bin/../lib/gcc/avr/5.4.0/../../../../avr/lib/avr5\libm.a(fp_zero.o)
 .text          0x00000000        0x0 c:/program files (x86)/atmel/studio/7.0/toolchain/avr8/avr8-gnu-toolchain/bin/../lib/gcc/avr/5.4.0/avr5\libgcc.a(_udivmodhi4.o)
 .data          0x00000000        0x0 c:/program files (x86)/atmel/studio/7.0/toolchain/avr8/avr8-gnu-toolchain/bin/../lib/gcc/avr/5.4.0/avr5\libgcc.a(_udivmodhi4.o)
 .bss           0x00000000        0x0 c:/program files (x86)/atmel/studio/7.0/toolchain/avr8/avr8-gnu-toolchain/bin/../lib/gcc/avr/5.4.0/avr5\libgcc.a(_udivmodhi4.o)
 .text.libgcc.mul
                0x00000000        0x0 c:/program files (x86)/atmel/studio/7.0/toolchain/avr8/avr8-gnu-toolchain/bin/../lib/gcc/avr/5.4.0/avr5\libgcc.a(_udivmodhi4.o)
 .text.libgcc   0x00000000        0x0 c:/program files (x86)/atmel/studio/7.0/toolchain/avr8/avr8-gnu-toolchain/bin/../lib/gcc/avr/5.4.0/avr5\libgcc.a(_udivmodhi4.o)
 .text.libgcc.prologue
                0x00000000        0x0 c:/program files (x86)/atmel/studio/7.0/toolchain/avr8/avr8-gnu-toolchain/bin/../lib/gcc/avr/5.4.0/avr5\libgcc.a(_udivmodhi4.o)
 .text.libgcc.builtins
                0x00000000        0x0 c:/program files (x86)/atmel/studio/7.0/toolchain/avr8/avr8-gnu-toolchain/bin/../lib/gcc/avr/5.4.0/avr5\libgcc.a(_udivmodhi4.o)
 .text.libgcc.fmul
                0x00000000        0x0 c:/program files (x86)/atmel/studio/7.0/toolchain/avr8/avr8-gnu-toolchain/bin/../lib/gcc/avr/5.4.0/avr5\libgcc.a(_udivmodhi4.o)
 .text.libgcc.fixed
                0x00000000        0x0 c:/program files (x86)/atmel/studio/7.0/toolchain/avr8/avr8-gnu-toolchain/bin/../lib/gcc/avr/5.4.0/avr5\libgcc.a(_udivmodhi4.o)
 .text          0x00000000        0x0 c:/program files (x86)/atmel/studio/7.0/toolchain/avr8/avr8-gnu-toolchain/bin/../lib/gcc/avr/5.4.0/avr5\libgcc.a(_exit.o)
 .data          0x00000000        0x0 c:/program files (x86)/atmel/studio/7.0/toolchain/avr8/avr8-gnu-toolchain/bin/../lib/gcc/avr/5.4.0/avr5\libgcc.a(_exit.o)
 .bss           0x00000000        0x0 c:/program files (x86)/atmel/studio/7.0/toolchain/avr8/avr8-gnu-toolchain/bin/../lib/gcc/avr/5.4.0/avr5\libgcc.a(_exit.o)
 .text.libgcc.mul
                0x00000000        0x0 c:/program files (x86)/atmel/studio/7.0/toolchain/avr8/avr8-gnu-toolchain/bin/../lib/gcc/avr/5.4.0/avr5\libgcc.a(_exit.o)
 .text.libgcc.div
                0x00000000        0x0 c:/program files (x86)/atmel/studio/7.0/toolchain/avr8/avr8-gnu-toolchain/bin/../lib/gcc/avr/5.4.0/avr5\libgcc.a(_exit.o)
 .text.libgcc   0x00000000        0x0 c:/program files (x86)/atmel/studio/7.0/toolchain/avr8/avr8-gnu-toolchain/bin/../lib/gcc/avr/5.4.0/avr5\libgcc.a(_exit.o)
 .text.libgcc.prologue
                0x00000000        0x0 c:/program files (x86)/atmel/studio/7.0/toolchain/avr8/avr8-gnu-toolchain/bin/../lib/gcc/avr/5.4.0/avr5\libgcc.a(_exit.o)
 .text.libgcc.builtins
                0x00000000        0x0 c:/program files (x86)/atmel/studio/7.0/toolchain/avr8/avr8-gnu-toolchain/bin/../lib/gcc/avr/5.4.0/avr5\libgcc.a(_exit.o)
 .text.libgcc.fmul
                0x00000000        0x0 c:/program files (x86)/atmel/studio/7.0/toolchain/avr8/avr8-gnu-toolchain/bin/../lib/gcc/avr/5.4.0/avr5\libgcc.a(_exit.o)
 .text.libgcc.fixed
                0x00000000        0x0 c:/program files (x86)/atmel/studio/7.0/toolchain/avr8/avr8-gnu-toolchain/bin/../lib/gcc/avr/5.4.0/avr5\libgcc.a(_exit.o)
 .text          0x00000000        0x0 c:/program files (x86)/atmel/studio/7.0/toolchain/avr8/avr8-gnu-toolchain/bin/../lib/gcc/avr/5.4.0/avr5\libgcc.a(_copy_data.o)
 .data          0x00000000        0x0 c:/program files (x86)/atmel/studio/7.0/toolchain/avr8/avr8-gnu-toolchain/bin/../lib/gcc/avr/5.4.0/avr5\libgcc.a(_copy_data.o)
 .bss           0x00000000        0x0 c:/program files (x86)/atmel/studio/7.0/toolchain/avr8/avr8-gnu-toolchain/bin/../lib/gcc/avr/5.4.0/avr5\libgcc.a(_copy_data.o)
 .text.libgcc.mul
                0x00000000        0x0 c:/program files (x86)/atmel/studio/7.0/toolchain/avr8/avr8-gnu-toolchain/bin/../lib/gcc/avr/5.4.0/avr5\libgcc.a(_copy_data.o)
 .text.libgcc.div
                0x00000000        0x0 c:/program files (x86)/atmel/studio/7.0/toolchain/avr8/avr8-gnu-toolchain/bin/../lib/gcc/avr/5.4.0/avr5\libgcc.a(_copy_data.o)
 .text.libgcc   0x00000000        0x0 c:/program files (x86)/atmel/studio/7.0/toolchain/avr8/avr8-gnu-toolchain/bin/../lib/gcc/avr/5.4.0/avr5\libgcc.a(_copy_data.o)
 .text.libgcc.prologue
                0x00000000        0x0 c:/program files (x86)/atmel/studio/7.0/toolchain/avr8/avr8-gnu-toolchain/bin/../lib/gcc/avr/5.4.0/avr5\libgcc.a(_copy_data.o)
 .text.libgcc.builtins
                0x00000000        0x0 c:/program files (x86)/atmel/studio/7.0/toolchain/avr8/avr8-gnu-toolchain/bin/../lib/gcc/avr/5.4.0/avr5\libgcc.a(_copy_data.o)
 .text.libgcc.fmul
                0x00000000        0x0 c:/program files (x86)/atmel/studio/7.0/toolchain/avr8/avr8-gnu-toolchain/bin/../lib/gcc/avr/5.4.0/avr5\libgcc.a(_copy_data.o)
 .text.libgcc.fixed
                0x00000000        0x0 c:/program files (x86)/atmel/studio/7.0/toolchain/avr8/avr8-gnu-toolchain/bin/../lib/gcc/avr/5.4.0/avr5\libgcc.a(_copy_data.o)
 .text          0x00000000        0x0 c:/program files (x86)/atmel/studio/7.0/toolchain/avr8/avr8-gnu-toolchain/bin/../lib/gcc/avr/5.4.0/avr5\libgcc.a(_clear_bss.o)
 .data          0x00000000        0x0 c:/program files (x86)/atmel/studio/7.0/toolchain/avr8/avr8-gnu-toolchain/bin/../lib/gcc/avr/5.4.0/avr5\libgcc.a(_clear_bss.o)
 .bss           0x00000000        0x0 c:/program files (x86)/atmel/studio/7.0/toolchain/avr8/avr8-gnu-toolchain/bin/../lib/gcc/avr/5.4.0/avr5\libgcc.a(_clear_bss.o)
 .text.libgcc.mul
                0x00000000        0x0 c:/program files (x86)/atmel/studio/7.0/toolchain/avr8/avr8-gnu-toolchain/bin/../lib/gcc/avr/5.4.0/avr5\libgcc.a(_clear_bss.o)
 .text.libgcc.div
                0x00000000        0x0 c:/program files (x86)/atmel/studio/7.0/toolchain/avr8/avr8-gnu-toolchain/bin/../lib/gcc/avr/5.4.0/avr5\libgcc.a(_clear_bss.o)
 .text.libgcc   0x00000000        0x0 c:/program files (x86)/atmel/studio/7.0/toolchain/avr8/avr8-gnu-toolchain/bin/../lib/gcc/avr/5.4.0/avr5\libgcc.a(_clear_bss.o)
 .text.libgcc.prologue
                0x00000000        0x0 c:/program files (x86)/atmel/studio/7.0/toolchain/avr8/avr8-gnu-toolchain/bin/../lib/gcc/avr/5.4.0/avr5\libgcc.a(_clear_bss.o)
 .text.libgcc.builtins
                0x00000000        0x0 c:/program files (x86)/atmel/studio/7.0/toolchain/avr8/avr8-gnu-toolchain/bin/../lib/gcc/avr/5.4.0/avr5\libgcc.a(_clear_bss.o)
 .text.libgcc.fmul
                0x00000000        0x0 c:/program files (x86)/atmel/studio/7.0/toolchain/avr8/avr8-gnu-toolchain/bin/../lib/gcc/avr/5.4.0/avr5\libgcc.a(_clear_bss.o)
 .text.libgcc.fixed
                0x00000000        0x0 c:/program files (x86)/atmel/studio/7.0/toolchain/avr8/avr8-gnu-toolchain/bin/../lib/gcc/avr/5.4.0/avr5\libgcc.a(_clear_bss.o)
 .text          0x00000000        0x0 c:/program files (x86)/atmel/studio/7.0/toolchain/avr8/avr8-gnu-toolchain/bin/../lib/gcc/avr/5.4.0/../../../../avr/lib/avr5\libc.a(memcpy.o)
 .data          0x00000000        0x0 c:/program files (x86)/atmel/studio/7.0/toolchain/avr8/avr8-gnu-toolchain/bin/../lib/gcc/avr/5.4.0/../../../../avr/lib/avr5\libc.a(memcpy.o)
 .bss           0x00000000        0x0 c:/program files (x86)/atmel/studio/7.0/toolchain/avr8/avr8-gnu-toolchain/bin/../lib/gcc/avr/5.4.0/../../../../avr/lib/avr5\libc.a(memcpy.o)
 .text          0x00000000        0x0 c:/program files (x86)/atmel/studio/7.0/toolchain/avr8/avr8-gnu-toolchain/bin/../lib/gcc/avr/5.4.0/../../../../avr/lib/avr5\libc.a(memset.o)
 .data          0x00000000        0x0 c:/program files (x86)/atmel/studio/7.0/toolchain/avr8/avr8-gnu-toolchain/bin/../lib/gcc/avr/5.4.0/../../../../avr/lib/avr5\libc.a(memset.o)
 .bss           0x00000000        0x0 c:/program files (x86)/atmel/studio/7.0/toolchain/avr8/avr8-gnu-toolchain/bin/../lib/gcc/avr/5.4.0/../../../../avr/lib/avr5\libc.a(memset.o)

Memory Configuration

Name             Origin             Length             Attributes
text             0x00000000         0x00008000         xr
data             0x00800100         0x00000800         rw !x
eeprom           0x00810000         0x00000400         rw !x
fuse             0x00820000         0x00000003         rw !x
lock             0x00830000         0x00000400         rw !x
signature        0x00840000         0x00000400         rw !x
user_signatures  0x00850000         0x00000400         rw !x
*default*        0x00000000         0xffffffff

Linker script and memory map

Address of section .data set to 0x800100
LOAD C:/Program Files (x86)/Atmel/Studio/7.0/Packs/atmel/ATmega_DFP/1.7.374/gcc/dev/atmega328p/avr5/crtatmega328p.o
LOAD drivers/src/alarm.o
LOAD drivers/src/servo_pump.o
LOAD drivers/src/ultrasonic.o
LOAD FreeRTOS_Kernel/croutine.o
LOAD FreeRTOS_Kernel/event_groups.o
LOAD FreeRTOS_Kernel/list.o
LOAD FreeRTOS_Kernel/portable/GCC/ATMega323/port.o
LOAD FreeRTOS_Kernel/portable/MemMang/heap_4.o
LOAD FreeRTOS_Kernel/queue.o
LOAD FreeRTOS_Kernel/stream_buffer.o
LOAD FreeRTOS_Kernel/tasks.o
LOAD FreeRTOS_Kernel/timers.o
LOAD main.o
START GROUP
LOAD c:/program files (x86)/atmel/studio/7.0/toolchain/avr8/avr8-gnu-toolchain/bin/../lib/gcc/avr/5.4.0/../../../../avr/lib/avr5\libm.a
END GROUP
START GROUP
LOAD c:/program files (x86)/atmel/studio/7.0/toolchain/avr8/avr8-gnu-toolchain/bin/../lib/gcc/avr/5.4.0/avr5\libgcc.a
LOAD c:/program files (x86)/atmel/studio/7.0/toolchain/avr8/avr8-gnu-toolchain/bin/../lib/gcc/avr/5.4.0/../../../../avr/lib/avr5\libm.a
LOAD c:/program files (x86)/atmel/studio/7.0/toolchain/avr8/avr8-gnu-toolchain/bin/../lib/gcc/avr/5.4.0/../../../../avr/lib/avr5\libc.a
LOAD C:/Program Files (x86)/Atmel/Studio/7.0/Packs/atmel/ATmega_DFP/1.7.374/gcc/dev/atmega328p/avr5\libatmega328p.a
END GROUP
                0x00000000                __TEXT_REGION_ORIGIN__ = DEFINED (__TEXT_REGION_ORIGIN__)?__TEXT_REGION_ORIGIN__:0x0
                [0x00800100]                __DATA_REGION_ORIGIN__ = DEFINED (__DATA_REGION_ORIGIN__)?__DATA_REGION_ORIGIN__:0x800060
                [0x00008000]                __TEXT_REGION_LENGTH__ = DEFINED (__TEXT_REGION_LENGTH__)?__TEXT_REGION_LENGTH__:0x20000
                [0x00000800]                __DATA_REGION_LENGTH__ = DEFINED (__DATA_REGION_LENGTH__)?__DATA_REGION_LENGTH__:0xffa0
                [0x00000400]                __EEPROM_REGION_LENGTH__ = DEFINED (__EEPROM_REGION_LENGTH__)?__EEPROM_REGION_LENGTH__:0x10000
                [0x00000003]                __FUSE_REGION_LENGTH__ = DEFINED (__FUSE_REGION_LENGTH__)?__FUSE_REGION_LENGTH__:0x400
                0x00000400                __LOCK_REGION_LENGTH__ = DEFINED (__LOCK_REGION_LENGTH__)?__LOCK_REGION_LENGTH__:0x400
                0x00000400                __SIGNATURE_REGION_LENGTH__ = DEFINED (__SIGNATURE_REGION_LENGTH__)?__SIGNATURE_REGION_LENGTH__:0x400
                0x00000400                __USER_SIGNATURE_REGION_LENGTH__ = DEFINED (__USER_SIGNATURE_REGION_LENGTH__)?__USER_SIGNATURE_REGION_LENGTH__:0x400

.hash
 *(.hash)

.dynsym
 *(.dynsym)

.dynstr
 *(.dynstr)

.gnu.version
 *(.gnu.version)

.gnu.version_d
 *(.gnu.version_d)

.gnu.version_r
 *(.gnu.version_r)

.rel.init
 *(.rel.init)

.rela.init
 *(.rela.init)

.rel.text
 *(.rel.text)
 *(.rel.text.*)
 *(.rel.gnu.linkonce.t*)

.rela.text
 *(.rela.text)
 *(.rela.text.*)
 *(.rela.gnu.linkonce.t*)

.rel.fini
 *(.rel.fini)

.rela.fini
 *(.rela.fini)

.rel.rodata
 *(.rel.rodata)
 *(.rel.rodata.*)
 *(.rel.gnu.linkonce.r*)

.rela.rodata
 *(.rela.rodata)
 *(.rela.rodata.*)
 *(.rela.gnu.linkonce.r*)

.rel.data
 *(.rel.data)
 *(.rel.data.*)
 *(.rel.gnu.linkonce.d*)

.rela.data
 *(.rela.data)
 *(.rela.data.*)
 *(.rela.gnu.linkonce.d*)

.rel.ctors
 *(.rel.ctors)

.rela.ctors
 *(.rela.ctors)

.rel.dtors
 *(.rel.dtors)

.rela.dtors
 *(.rela.dtors)

.rel.got
 *(.rel.got)

.rela.got
 *(.rela.got)

.rel.bss
 *(.rel.bss)

.rela.bss
 *(.rela.bss)

.rel.plt
 *(.rel.plt)

.rela.plt
 *(.rela.plt)

.text           0x00000000     0x1e54
 *(.vectors)
 .vectors       0x00000000       0x68 C:/Program Files (x86)/Atmel/Studio/7.0/Packs/atmel/ATmega_DFP/1.7.374/gcc/dev/atmega328p/avr5/crtatmega328p.o
                0x00000000                __vector_default
                0x00000000                __vectors
 *(.vectors)
 *(.progmem.gcc*)
                0x00000068                . = ALIGN (0x2)
                0x00000068                __trampolines_start = .
 *(.trampolines)
 .trampolines   0x00000068        0x0 linker stubs
 *(.trampolines*)
                0x00000068                __trampolines_end = .
 *libprintf_flt.a:*(.progmem.data)
 *libc.a:*(.progmem.data)
 *(.progmem*)
                0x00000068                . = ALIGN (0x2)
 *(.jumptables)
 *(.jumptables*)
 *(.lowtext)
 *(.lowtext*)
                0x00000068                __ctors_start = .
 *(.ctors)
                0x00000068                __ctors_end = .
                0x00000068                __dtors_start = .
 *(.dtors)
                0x00000068                __dtors_end = .
 SORT(*)(.ctors)
 SORT(*)(.dtors)
 *(.init0)
 .init0         0x00000068        0x0 C:/Program Files (x86)/Atmel/Studio/7.0/Packs/atmel/ATmega_DFP/1.7.374/gcc/dev/atmega328p/avr5/crtatmega328p.o
                0x00000068                __init
 *(.init0)
 *(.init1)
 *(.init1)
 *(.init2)
 .init2         0x00000068        0xc C:/Program Files (x86)/Atmel/Studio/7.0/Packs/atmel/ATmega_DFP/1.7.374/gcc/dev/atmega328p/avr5/crtatmega328p.o
 *(.init2)
 *(.init3)
 *(.init3)
 *(.init4)
 .init4         0x00000074       0x16 c:/program files (x86)/atmel/studio/7.0/toolchain/avr8/avr8-gnu-toolchain/bin/../lib/gcc/avr/5.4.0/avr5\libgcc.a(_copy_data.o)
                0x00000074                __do_copy_data
 .init4         0x0000008a       0x10 c:/program files (x86)/atmel/studio/7.0/toolchain/avr8/avr8-gnu-toolchain/bin/../lib/gcc/avr/5.4.0/avr5\libgcc.a(_clear_bss.o)
                0x0000008a                __do_clear_bss
 *(.init4)
 *(.init5)
 *(.init5)
 *(.init6)
 *(.init6)
 *(.init7)
 *(.init7)
 *(.init8)
 *(.init8)
 *(.init9)
 .init9         0x0000009a        0x8 C:/Program Files (x86)/Atmel/Studio/7.0/Packs/atmel/ATmega_DFP/1.7.374/gcc/dev/atmega328p/avr5/crtatmega328p.o
 *(.init9)
 *(.text)
 .text          0x000000a2        0x4 C:/Program Files (x86)/Atmel/Studio/7.0/Packs/atmel/ATmega_DFP/1.7.374/gcc/dev/atmega328p/avr5/crtatmega328p.o
                0x000000a2                __vector_22
                0x000000a2                __vector_1
                0x000000a2                __vector_24
                0x000000a2                __vector_12
                0x000000a2                __bad_interrupt
                0x000000a2                __vector_6
                0x000000a2                __vector_3
                0x000000a2                __vector_23
                0x000000a2                __vector_25
                0x000000a2                __vector_13
                0x000000a2                __vector_17
                0x000000a2                __vector_19
                0x000000a2                __vector_7
                0x000000a2                __vector_5
                0x000000a2                __vector_4
                0x000000a2                __vector_9
                0x000000a2                __vector_2
                0x000000a2                __vector_21
                0x000000a2                __vector_15
                0x000000a2                __vector_8
                0x000000a2                __vector_14
                0x000000a2                __vector_16
                0x000000a2                __vector_18
                0x000000a2                __vector_20
                0x000000a6                . = ALIGN (0x2)
 *(.text.*)
 .text.alarms_init
                0x000000a6        0xe drivers/src/alarm.o
                0x000000a6                alarms_init
 .text.update_alarms
                0x000000b4       0x54 drivers/src/alarm.o
                0x000000b4                update_alarms
 .text.pump_init
                0x00000108       0x16 drivers/src/servo_pump.o
                0x00000108                pump_init
 .text.set_pump_state
                0x0000011e       0x14 drivers/src/servo_pump.o
                0x0000011e                set_pump_state
 .text.ultrasonic_init
                0x00000132       0x22 drivers/src/ultrasonic.o
                0x00000132                ultrasonic_init
 .text.__vector_10
                0x00000154       0x88 drivers/src/ultrasonic.o
                0x00000154                __vector_10
 .text.get_water_level_cm
                0x000001dc       0x9a drivers/src/ultrasonic.o
                0x000001dc                get_water_level_cm
 .text.vListInitialise
                0x00000276       0x1c FreeRTOS_Kernel/list.o
                0x00000276                vListInitialise
 .text.vListInitialiseItem
                0x00000292        0x8 FreeRTOS_Kernel/list.o
                0x00000292                vListInitialiseItem
 .text.vListInsert
                0x0000029a       0x62 FreeRTOS_Kernel/list.o
                0x0000029a                vListInsert
 .text.uxListRemove
                0x000002fc       0x4c FreeRTOS_Kernel/list.o
                0x000002fc                uxListRemove
 .text.prvSetupTimerInterrupt
                0x00000348       0x1c FreeRTOS_Kernel/portable/GCC/ATMega323/port.o
 .text.pxPortInitialiseStack
                0x00000364       0xd8 FreeRTOS_Kernel/portable/GCC/ATMega323/port.o
                0x00000364                pxPortInitialiseStack
 .text.xPortStartScheduler
                0x0000043c       0x5e FreeRTOS_Kernel/portable/GCC/ATMega323/port.o
                0x0000043c                xPortStartScheduler
 .text.vPortYield
                0x0000049a       0xb2 FreeRTOS_Kernel/portable/GCC/ATMega323/port.o
                0x0000049a                vPortYield
 .text.vPortYieldFromTick
                0x0000054c       0xb8 FreeRTOS_Kernel/portable/GCC/ATMega323/port.o
                0x0000054c                vPortYieldFromTick
 .text.__vector_11
                0x00000604        0x6 FreeRTOS_Kernel/portable/GCC/ATMega323/port.o
                0x00000604                __vector_11
 .text.prvHeapInit
                0x0000060a       0x46 FreeRTOS_Kernel/portable/MemMang/heap_4.o
 .text.prvInsertBlockIntoFreeList
                0x00000650       0x94 FreeRTOS_Kernel/portable/MemMang/heap_4.o
 .text.pvPortMalloc
                0x000006e4      0x140 FreeRTOS_Kernel/portable/MemMang/heap_4.o
                0x000006e4                pvPortMalloc
 .text.vPortFree
                0x00000824       0x68 FreeRTOS_Kernel/portable/MemMang/heap_4.o
                0x00000824                vPortFree
 .text.prvIsQueueEmpty
                0x0000088c       0x1a FreeRTOS_Kernel/queue.o
 .text.prvIsQueueFull
                0x000008a6       0x1c FreeRTOS_Kernel/queue.o
 .text.prvCopyDataToQueue
                0x000008c2       0x92 FreeRTOS_Kernel/queue.o
 .text.prvCopyDataFromQueue
                0x00000954       0x34 FreeRTOS_Kernel/queue.o
 .text.prvUnlockQueue
                0x00000988       0x68 FreeRTOS_Kernel/queue.o
 .text.xQueueGenericReset
                0x000009f0       0xc0 FreeRTOS_Kernel/queue.o
                0x000009f0                xQueueGenericReset
 .text.prvInitialiseNewQueue
                0x00000ab0       0x26 FreeRTOS_Kernel/queue.o
 .text.xQueueGenericCreate
                0x00000ad6       0x82 FreeRTOS_Kernel/queue.o
                0x00000ad6                xQueueGenericCreate
 .text.xQueueGenericSend
                0x00000b58      0x124 FreeRTOS_Kernel/queue.o
                0x00000b58                xQueueGenericSend
 .text.xQueueReceive
                0x00000c7c      0x11e FreeRTOS_Kernel/queue.o
                0x00000c7c                xQueueReceive
 .text.prvResetNextTaskUnblockTime
                0x00000d9a       0x38 FreeRTOS_Kernel/tasks.o
 .text.prvInitialiseNewTask
                0x00000dd2       0xd4 FreeRTOS_Kernel/tasks.o
 .text.prvCreateTask
                0x00000ea6       0x9a FreeRTOS_Kernel/tasks.o
 .text.prvIdleTask
                0x00000f40        0xe FreeRTOS_Kernel/tasks.o
 .text.prvInitialiseTaskLists
                0x00000f4e       0x5e FreeRTOS_Kernel/tasks.o
 .text.prvAddNewTaskToReadyList
                0x00000fac       0xfa FreeRTOS_Kernel/tasks.o
 .text.prvAddCurrentTaskToDelayedList
                0x000010a6       0x9c FreeRTOS_Kernel/tasks.o
 .text.xTaskCreate
                0x00001142       0x20 FreeRTOS_Kernel/tasks.o
                0x00001142                xTaskCreate
 .text.prvCreateIdleTasks
                0x00001162       0x96 FreeRTOS_Kernel/tasks.o
 .text.vTaskStartScheduler
                0x000011f8       0x2e FreeRTOS_Kernel/tasks.o
                0x000011f8                vTaskStartScheduler
 .text.vTaskSuspendAll
                0x00001226        0xc FreeRTOS_Kernel/tasks.o
                0x00001226                vTaskSuspendAll
 .text.xTaskGetTickCount
                0x00001232       0x14 FreeRTOS_Kernel/tasks.o
                0x00001232                xTaskGetTickCount
 .text.xTaskIncrementTick
                0x00001246      0x234 FreeRTOS_Kernel/tasks.o
                0x00001246                xTaskIncrementTick
 .text.xTaskResumeAll
                0x0000147a      0x1b2 FreeRTOS_Kernel/tasks.o
                0x0000147a                xTaskResumeAll
 .text.xTaskDelayUntil
                0x0000162c       0x84 FreeRTOS_Kernel/tasks.o
                0x0000162c                xTaskDelayUntil
 .text.vTaskDelay
                0x000016b0       0x2c FreeRTOS_Kernel/tasks.o
                0x000016b0                vTaskDelay
 .text.vTaskSwitchContext
                0x000016dc      0x132 FreeRTOS_Kernel/tasks.o
                0x000016dc                vTaskSwitchContext
 .text.vTaskPlaceOnEventList
                0x0000180e       0x24 FreeRTOS_Kernel/tasks.o
                0x0000180e                vTaskPlaceOnEventList
 .text.xTaskRemoveFromEventList
                0x00001832      0x17a FreeRTOS_Kernel/tasks.o
                0x00001832                xTaskRemoveFromEventList
 .text.vTaskInternalSetTimeOutState
                0x000019ac       0x16 FreeRTOS_Kernel/tasks.o
                0x000019ac                vTaskInternalSetTimeOutState
 .text.xTaskCheckForTimeOut
                0x000019c2       0x64 FreeRTOS_Kernel/tasks.o
                0x000019c2                xTaskCheckForTimeOut
 .text.vTaskMissedYield
                0x00001a26        0x8 FreeRTOS_Kernel/tasks.o
                0x00001a26                vTaskMissedYield
 .text.vSensorTask
                0x00001a2e       0x48 main.o
                0x00001a2e                vSensorTask
 .text.vPumpTask
                0x00001a76       0x6e main.o
                0x00001a76                vPumpTask
 .text.vAlarmTask
                0x00001ae4       0x66 main.o
                0x00001ae4                vAlarmTask
 .text.main     0x00001b4a       0x64 main.o
                0x00001b4a                main
 .text.vApplicationStackOverflowHook
                0x00001bae        0xc main.o
                0x00001bae                vApplicationStackOverflowHook
 .text.vApplicationMallocFailedHook
                0x00001bba        0x6 main.o
                0x00001bba                vApplicationMallocFailedHook
 .text.avr-libc.fplib
                0x00001bc0       0x7a c:/program files (x86)/atmel/studio/7.0/toolchain/avr8/avr8-gnu-toolchain/bin/../lib/gcc/avr/5.4.0/../../../../avr/lib/avr5\libm.a(floatsisf.o)
                0x00001bc0                __floatunsisf
                0x00001bc4                __floatsisf
 .text.avr-libc.fplib
                0x00001c3a        0xa c:/program files (x86)/atmel/studio/7.0/toolchain/avr8/avr8-gnu-toolchain/bin/../lib/gcc/avr/5.4.0/../../../../avr/lib/avr5\libm.a(gesf2.o)
                0x00001c3a                __gesf2
                0x00001c3a                __gtsf2
 .text.avr-libc.fplib
                0x00001c44        0x8 c:/program files (x86)/atmel/studio/7.0/toolchain/avr8/avr8-gnu-toolchain/bin/../lib/gcc/avr/5.4.0/../../../../avr/lib/avr5\libm.a(mulsf3.o)
                0x00001c44                __mulsf3
 .text.avr-libc.fplib
                0x00001c4c       0xd2 c:/program files (x86)/atmel/studio/7.0/toolchain/avr8/avr8-gnu-toolchain/bin/../lib/gcc/avr/5.4.0/../../../../avr/lib/avr5\libm.a(mulsf3x.o)
                0x00001c6a                __mulsf3x
                0x00001c70                __mulsf3_pse
 .text.avr-libc.fplib
                0x00001d1e       0x48 c:/program files (x86)/atmel/studio/7.0/toolchain/avr8/avr8-gnu-toolchain/bin/../lib/gcc/avr/5.4.0/../../../../avr/lib/avr5\libm.a(fp_cmp.o)
                0x00001d1e                __fp_cmp
 .text.avr-libc.fplib
                0x00001d66        0xc c:/program files (x86)/atmel/studio/7.0/toolchain/avr8/avr8-gnu-toolchain/bin/../lib/gcc/avr/5.4.0/../../../../avr/lib/avr5\libm.a(fp_inf.o)
                0x00001d66                __fp_inf
 .text.avr-libc.fplib
                0x00001d72        0x6 c:/program files (x86)/atmel/studio/7.0/toolchain/avr8/avr8-gnu-toolchain/bin/../lib/gcc/avr/5.4.0/../../../../avr/lib/avr5\libm.a(fp_nan.o)
                0x00001d72                __fp_nan
 .text.avr-libc.fplib
                0x00001d78        0xe c:/program files (x86)/atmel/studio/7.0/toolchain/avr8/avr8-gnu-toolchain/bin/../lib/gcc/avr/5.4.0/../../../../avr/lib/avr5\libm.a(fp_pscA.o)
                0x00001d78                __fp_pscA
 .text.avr-libc.fplib
                0x00001d86        0xe c:/program files (x86)/atmel/studio/7.0/toolchain/avr8/avr8-gnu-toolchain/bin/../lib/gcc/avr/5.4.0/../../../../avr/lib/avr5\libm.a(fp_pscB.o)
                0x00001d86                __fp_pscB
 .text.avr-libc.fplib
                0x00001d94       0x22 c:/program files (x86)/atmel/studio/7.0/toolchain/avr8/avr8-gnu-toolchain/bin/../lib/gcc/avr/5.4.0/../../../../avr/lib/avr5\libm.a(fp_round.o)
                0x00001d94                __fp_round
 .text.avr-libc.fplib
                0x00001db6       0x44 c:/program files (x86)/atmel/studio/7.0/toolchain/avr8/avr8-gnu-toolchain/bin/../lib/gcc/avr/5.4.0/../../../../avr/lib/avr5\libm.a(fp_split3.o)
                0x00001db6                __fp_split3
                0x00001dc6                __fp_splitA
 .text.avr-libc.fplib
                0x00001dfa        0xe c:/program files (x86)/atmel/studio/7.0/toolchain/avr8/avr8-gnu-toolchain/bin/../lib/gcc/avr/5.4.0/../../../../avr/lib/avr5\libm.a(fp_zero.o)
                0x00001dfa                __fp_zero
                0x00001dfc                __fp_szero
 .text.libgcc.div
                0x00001e08       0x28 c:/program files (x86)/atmel/studio/7.0/toolchain/avr8/avr8-gnu-toolchain/bin/../lib/gcc/avr/5.4.0/avr5\libgcc.a(_udivmodhi4.o)
                0x00001e08                __udivmodhi4
 .text.avr-libc
                0x00001e30       0x12 c:/program files (x86)/atmel/studio/7.0/toolchain/avr8/avr8-gnu-toolchain/bin/../lib/gcc/avr/5.4.0/../../../../avr/lib/avr5\libc.a(memcpy.o)
                0x00001e30                memcpy
 .text.avr-libc
                0x00001e42        0xe c:/program files (x86)/atmel/studio/7.0/toolchain/avr8/avr8-gnu-toolchain/bin/../lib/gcc/avr/5.4.0/../../../../avr/lib/avr5\libc.a(memset.o)
                0x00001e42                memset
                0x00001e50                . = ALIGN (0x2)
 *(.fini9)
 .fini9         0x00001e50        0x0 c:/program files (x86)/atmel/studio/7.0/toolchain/avr8/avr8-gnu-toolchain/bin/../lib/gcc/avr/5.4.0/avr5\libgcc.a(_exit.o)
                0x00001e50                _exit
                0x00001e50                exit
 *(.fini9)
 *(.fini8)
 *(.fini8)
 *(.fini7)
 *(.fini7)
 *(.fini6)
 *(.fini6)
 *(.fini5)
 *(.fini5)
 *(.fini4)
 *(.fini4)
 *(.fini3)
 *(.fini3)
 *(.fini2)
 *(.fini2)
 *(.fini1)
 *(.fini1)
 *(.fini0)
 .fini0         0x00001e50        0x4 c:/program files (x86)/atmel/studio/7.0/toolchain/avr8/avr8-gnu-toolchain/bin/../lib/gcc/avr/5.4.0/avr5\libgcc.a(_exit.o)
 *(.fini0)
                0x00001e54                _etext = .

.data           0x00800100       0x18 load address 0x00001e54
                0x00800100                PROVIDE (__data_start, .)
 *(.data)
 *(.data*)
 .data.uxTopUsedPriority
                0x00800100        0x1 FreeRTOS_Kernel/tasks.o
 *(.gnu.linkonce.d*)
 *(.rodata)
 *(.rodata*)
 .rodata.str1.1
                0x00800101        0x5 FreeRTOS_Kernel/tasks.o
 .rodata.str1.1
                0x00800106       0x12 main.o
 *(.gnu.linkonce.r*)
                0x00800118                . = ALIGN (0x2)
                0x00800118                _edata = .
                0x00800118                PROVIDE (__data_end, .)

.bss            0x00800118      0x46f
                0x00800118                PROVIDE (__bss_start, .)
 *(.bss)
 *(.bss*)
 .bss.last_toggle.1937
                0x00800118        0x2 drivers/src/alarm.o
 .bss.measurement_ready
                0x0080011a        0x1 drivers/src/ultrasonic.o
                0x0080011a                measurement_ready
 .bss.pulse_end
                0x0080011b        0x4 drivers/src/ultrasonic.o
                0x0080011b                pulse_end
 .bss.pulse_start
                0x0080011f        0x4 drivers/src/ultrasonic.o
                0x0080011f                pulse_start
 .bss.xNumberOfSuccessfulFrees
                0x00800123        0x2 FreeRTOS_Kernel/portable/MemMang/heap_4.o
 .bss.xNumberOfSuccessfulAllocations
                0x00800125        0x2 FreeRTOS_Kernel/portable/MemMang/heap_4.o
 .bss.xMinimumEverFreeBytesRemaining
                0x00800127        0x2 FreeRTOS_Kernel/portable/MemMang/heap_4.o
 .bss.xFreeBytesRemaining
                0x00800129        0x2 FreeRTOS_Kernel/portable/MemMang/heap_4.o
 .bss.pxEnd     0x0080012b        0x2 FreeRTOS_Kernel/portable/MemMang/heap_4.o
 .bss.xStart    0x0080012d        0x4 FreeRTOS_Kernel/portable/MemMang/heap_4.o
 .bss.ucHeap    0x00800131      0x400 FreeRTOS_Kernel/portable/MemMang/heap_4.o
 .bss.uxSchedulerSuspended
                0x00800531        0x1 FreeRTOS_Kernel/tasks.o
 .bss.xIdleTaskHandles
                0x00800532        0x2 FreeRTOS_Kernel/tasks.o
 .bss.xNextTaskUnblockTime
                0x00800534        0x2 FreeRTOS_Kernel/tasks.o
 .bss.uxTaskNumber
                0x00800536        0x1 FreeRTOS_Kernel/tasks.o
 .bss.xNumOfOverflows
                0x00800537        0x1 FreeRTOS_Kernel/tasks.o
 .bss.xYieldPendings
                0x00800538        0x1 FreeRTOS_Kernel/tasks.o
 .bss.xPendedTicks
                0x00800539        0x2 FreeRTOS_Kernel/tasks.o
 .bss.xSchedulerRunning
                0x0080053b        0x1 FreeRTOS_Kernel/tasks.o
 .bss.uxTopReadyPriority
                0x0080053c        0x1 FreeRTOS_Kernel/tasks.o
 .bss.xTickCount
                0x0080053d        0x2 FreeRTOS_Kernel/tasks.o
 .bss.uxCurrentNumberOfTasks
                0x0080053f        0x1 FreeRTOS_Kernel/tasks.o
 .bss.xPendingReadyList
                0x00800540        0x9 FreeRTOS_Kernel/tasks.o
 .bss.pxOverflowDelayedTaskList
                0x00800549        0x2 FreeRTOS_Kernel/tasks.o
 .bss.pxDelayedTaskList
                0x0080054b        0x2 FreeRTOS_Kernel/tasks.o
 .bss.xDelayedTaskList2
                0x0080054d        0x9 FreeRTOS_Kernel/tasks.o
 .bss.xDelayedTaskList1
                0x00800556        0x9 FreeRTOS_Kernel/tasks.o
 .bss.pxReadyTasksLists
                0x0080055f       0x24 FreeRTOS_Kernel/tasks.o
 .bss.pxCurrentTCB
                0x00800583        0x2 FreeRTOS_Kernel/tasks.o
                0x00800583                pxCurrentTCB
 *(COMMON)
 COMMON         0x00800585        0x2 main.o
                0x00800585                xLevelQueue
                0x00800587                PROVIDE (__bss_end, .)
                0x00001e54                __data_load_start = LOADADDR (.data)
                0x00001e6c                __data_load_end = (__data_load_start + SIZEOF (.data))

.noinit         0x00800587        0x0
                [!provide]                PROVIDE (__noinit_start, .)
 *(.noinit*)
                [!provide]                PROVIDE (__noinit_end, .)
                0x00800587                _end = .
                [!provide]                PROVIDE (__heap_start, .)

.eeprom         0x00810000        0x0
 *(.eeprom*)
                0x00810000                __eeprom_end = .

.fuse
 *(.fuse)
 *(.lfuse)
 *(.hfuse)
 *(.efuse)

.lock
 *(.lock*)

.signature
 *(.signature*)

.user_signatures
 *(.user_signatures*)

.stab
 *(.stab)

.stabstr
 *(.stabstr)

.stab.excl
 *(.stab.excl)

.stab.exclstr
 *(.stab.exclstr)

.stab.index
 *(.stab.index)

.stab.indexstr
 *(.stab.indexstr)

.comment        0x00000000       0x30
 *(.comment)
 .comment       0x00000000       0x30 drivers/src/alarm.o
                                 0x31 (size before relaxing)
 .comment       0x00000030       0x31 drivers/src/servo_pump.o
 .comment       0x00000030       0x31 drivers/src/ultrasonic.o
 .comment       0x00000030       0x31 FreeRTOS_Kernel/list.o
 .comment       0x00000030       0x31 FreeRTOS_Kernel/portable/GCC/ATMega323/port.o
 .comment       0x00000030       0x31 FreeRTOS_Kernel/portable/MemMang/heap_4.o
 .comment       0x00000030       0x31 FreeRTOS_Kernel/queue.o
 .comment       0x00000030       0x31 FreeRTOS_Kernel/tasks.o
 .comment       0x00000030       0x31 main.o

.note.gnu.avr.deviceinfo
                0x00000000       0x40
 .note.gnu.avr.deviceinfo
                0x00000000       0x40 C:/Program Files (x86)/Atmel/Studio/7.0/Packs/atmel/ATmega_DFP/1.7.374/gcc/dev/atmega328p/avr5/crtatmega328p.o

.note.gnu.build-id
 *(.note.gnu.build-id)

.debug
 *(.debug)

.line
 *(.line)

.debug_srcinfo
 *(.debug_srcinfo)

.debug_sfnames
 *(.debug_sfnames)

.debug_aranges  0x00000000      0x3f8
 *(.debug_aranges)
 .debug_aranges
                0x00000000       0x28 drivers/src/alarm.o
 .debug_aranges
                0x00000028       0x28 drivers/src/servo_pump.o
 .debug_aranges
                0x00000050       0x30 drivers/src/ultrasonic.o
 .debug_aranges
                0x00000080       0x40 FreeRTOS_Kernel/list.o
 .debug_aranges
                0x000000c0       0x50 FreeRTOS_Kernel/portable/GCC/ATMega323/port.o
 .debug_aranges
                0x00000110       0x68 FreeRTOS_Kernel/portable/MemMang/heap_4.o
 .debug_aranges
                0x00000178       0xd8 FreeRTOS_Kernel/queue.o
 .debug_aranges
                0x00000250      0x160 FreeRTOS_Kernel/tasks.o
 .debug_aranges
                0x000003b0       0x48 main.o

.debug_pubnames
 *(.debug_pubnames)

.debug_info     0x00000000     0x49b3
 *(.debug_info .gnu.linkonce.wi.*)
 .debug_info    0x00000000      0x5f4 C:/Program Files (x86)/Atmel/Studio/7.0/Packs/atmel/ATmega_DFP/1.7.374/gcc/dev/atmega328p/avr5/crtatmega328p.o
 .debug_info    0x000005f4      0x137 drivers/src/alarm.o
 .debug_info    0x0000072b       0xa9 drivers/src/servo_pump.o
 .debug_info    0x000007d4      0x216 drivers/src/ultrasonic.o
 .debug_info    0x000009ea      0x2d3 FreeRTOS_Kernel/list.o
 .debug_info    0x00000cbd      0x243 FreeRTOS_Kernel/portable/GCC/ATMega323/port.o
 .debug_info    0x00000f00      0x55e FreeRTOS_Kernel/portable/MemMang/heap_4.o
 .debug_info    0x0000145e     0x1558 FreeRTOS_Kernel/queue.o
 .debug_info    0x000029b6     0x1af8 FreeRTOS_Kernel/tasks.o
 .debug_info    0x000044ae      0x505 main.o

.debug_abbrev   0x00000000     0x1327
 *(.debug_abbrev)
 .debug_abbrev  0x00000000      0x5a2 C:/Program Files (x86)/Atmel/Studio/7.0/Packs/atmel/ATmega_DFP/1.7.374/gcc/dev/atmega328p/avr5/crtatmega328p.o
 .debug_abbrev  0x000005a2       0xbe drivers/src/alarm.o
 .debug_abbrev  0x00000660       0x78 drivers/src/servo_pump.o
 .debug_abbrev  0x000006d8      0x157 drivers/src/ultrasonic.o
 .debug_abbrev  0x0000082f       0xf8 FreeRTOS_Kernel/list.o
 .debug_abbrev  0x00000927      0x143 FreeRTOS_Kernel/portable/GCC/ATMega323/port.o
 .debug_abbrev  0x00000a6a      0x238 FreeRTOS_Kernel/portable/MemMang/heap_4.o
 .debug_abbrev  0x00000ca2      0x227 FreeRTOS_Kernel/queue.o
 .debug_abbrev  0x00000ec9      0x2cc FreeRTOS_Kernel/tasks.o
 .debug_abbrev  0x00001195      0x192 main.o

.debug_line     0x00000000     0x2ddd
 *(.debug_line .debug_line.* .debug_line_end)
 .debug_line    0x00000000      0x134 C:/Program Files (x86)/Atmel/Studio/7.0/Packs/atmel/ATmega_DFP/1.7.374/gcc/dev/atmega328p/avr5/crtatmega328p.o
 .debug_line    0x00000134      0x183 drivers/src/alarm.o
 .debug_line    0x000002b7       0xd7 drivers/src/servo_pump.o
 .debug_line    0x0000038e      0x217 drivers/src/ultrasonic.o
 .debug_line    0x000005a5      0x21d FreeRTOS_Kernel/list.o
 .debug_line    0x000007c2      0x2dd FreeRTOS_Kernel/portable/GCC/ATMega323/port.o
 .debug_line    0x00000a9f      0x4f0 FreeRTOS_Kernel/portable/MemMang/heap_4.o
 .debug_line    0x00000f8f      0xb26 FreeRTOS_Kernel/queue.o
 .debug_line    0x00001ab5     0x10cc FreeRTOS_Kernel/tasks.o
 .debug_line    0x00002b81      0x25c main.o

.debug_frame    0x00000000      0xc1c
 *(.debug_frame)
 .debug_frame   0x00000000       0x34 drivers/src/alarm.o
 .debug_frame   0x00000034       0x34 drivers/src/servo_pump.o
 .debug_frame   0x00000068       0x88 drivers/src/ultrasonic.o
 .debug_frame   0x000000f0       0x88 FreeRTOS_Kernel/list.o
 .debug_frame   0x00000178       0x84 FreeRTOS_Kernel/portable/GCC/ATMega323/port.o
 .debug_frame   0x000001fc      0x124 FreeRTOS_Kernel/portable/MemMang/heap_4.o
 .debug_frame   0x00000320      0x31c FreeRTOS_Kernel/queue.o
 .debug_frame   0x0000063c      0x53c FreeRTOS_Kernel/tasks.o
 .debug_frame   0x00000b78       0xa4 main.o

.debug_str      0x00000000     0x189a
 *(.debug_str)
 .debug_str     0x00000000      0x208 C:/Program Files (x86)/Atmel/Studio/7.0/Packs/atmel/ATmega_DFP/1.7.374/gcc/dev/atmega328p/avr5/crtatmega328p.o
 .debug_str     0x00000208      0x227 drivers/src/alarm.o
                                0x266 (size before relaxing)
 .debug_str     0x0000042f       0x35 drivers/src/servo_pump.o
                                0x1e7 (size before relaxing)
 .debug_str     0x00000464       0xf1 drivers/src/ultrasonic.o
                                0x2da (size before relaxing)
 .debug_str     0x00000555      0x143 FreeRTOS_Kernel/list.o
                                0x30f (size before relaxing)
 .debug_str     0x00000698      0x13e FreeRTOS_Kernel/portable/GCC/ATMega323/port.o
                                0x315 (size before relaxing)
 .debug_str     0x000007d6      0x342 FreeRTOS_Kernel/portable/MemMang/heap_4.o
                                0x52c (size before relaxing)
 .debug_str     0x00000b18      0x51e FreeRTOS_Kernel/queue.o
                                0x825 (size before relaxing)
 .debug_str     0x00001036      0x812 FreeRTOS_Kernel/tasks.o
                                0xd26 (size before relaxing)
 .debug_str     0x00001848       0x52 main.o
                                0x3c7 (size before relaxing)

.debug_loc      0x00000000     0x4633
 *(.debug_loc)
 .debug_loc     0x00000000       0x53 drivers/src/alarm.o
 .debug_loc     0x00000053       0x3a drivers/src/servo_pump.o
 .debug_loc     0x0000008d      0x142 drivers/src/ultrasonic.o
 .debug_loc     0x000001cf      0x145 FreeRTOS_Kernel/list.o
 .debug_loc     0x00000314      0x2a0 FreeRTOS_Kernel/portable/GCC/ATMega323/port.o
 .debug_loc     0x000005b4      0x5e8 FreeRTOS_Kernel/portable/MemMang/heap_4.o
 .debug_loc     0x00000b9c     0x1959 FreeRTOS_Kernel/queue.o
 .debug_loc     0x000024f5     0x1fbb FreeRTOS_Kernel/tasks.o
 .debug_loc     0x000044b0      0x183 main.o

.debug_macinfo
 *(.debug_macinfo)

.debug_weaknames
 *(.debug_weaknames)

.debug_funcnames
 *(.debug_funcnames)

.debug_typenames
 *(.debug_typenames)

.debug_varnames
 *(.debug_varnames)

.debug_pubtypes
 *(.debug_pubtypes)

.debug_ranges   0x00000000      0x3f0
 *(.debug_ranges)
 .debug_ranges  0x00000000       0x18 drivers/src/alarm.o
 .debug_ranges  0x00000018       0x18 drivers/src/servo_pump.o
 .debug_ranges  0x00000030       0x20 drivers/src/ultrasonic.o
 .debug_ranges  0x00000050       0x30 FreeRTOS_Kernel/list.o
 .debug_ranges  0x00000080       0x40 FreeRTOS_Kernel/portable/GCC/ATMega323/port.o
 .debug_ranges  0x000000c0       0x58 FreeRTOS_Kernel/portable/MemMang/heap_4.o
 .debug_ranges  0x00000118      0x110 FreeRTOS_Kernel/queue.o
 .debug_ranges  0x00000228      0x190 FreeRTOS_Kernel/tasks.o
 .debug_ranges  0x000003b8       0x38 main.o

.debug_macro
 *(.debug_macro)
OUTPUT(System_surveillance_niveau_deau.elf elf32-avr)
LOAD linker stubs
